File "unsupported_type_open.ml", line 1, characters 0-30:
Error: ppx_irmin: extensible variant types are not Irmin-serialisable.
