File "unsupported_type_variable.ml", line 1, characters 0-43:
Error: ppx_irmin: uninstantiated type variable 'typvar found. Irmin types must be grounded.
